// Jest Snapshot v1, https://goo.gl/fbAQLP

exports[`ProjectsSection Should match snapshot 1`] = `
<DocumentFragment>
  <div
    class="my-6"
  >
    <h2
      class="font-bold pb-2"
    >
      My Projects
    </h2>
    <ul
      class="list-disc pl-6"
    >
      <li>
        <a
          class="underline"
          href="url1"
        >
          Project One
        </a>
         Description for Project One.
      </li>
      <li>
        <a
          class="underline"
          href="url2"
        >
          Project Two
        </a>
         Description for Project Two.
      </li>
    </ul>
  </div>
</DocumentFragment>
`;
