// Jest Snapshot v1, https://goo.gl/fbAQLP

exports[`Section Should match snapshot 1`] = `
<DocumentFragment>
  <div
    class="my-6"
  >
    <h2
      class="font-semibold pb-2"
    >
      Test Title
    </h2>
    <p>
      Test Content
    </p>
  </div>
</DocumentFragment>
`;
