// Jest Snapshot v1, https://goo.gl/fbAQLP

exports[`ThemeToggleButton Should match snapshot 1`] = `
<DocumentFragment>
  <button
    aria-label="Toggle Theme"
    class="flex items-center justify-center h-10 w-10 rounded-full bg-gray-200 dark:bg-gray-800 transition"
  >
    <svg
      aria-hidden="true"
      class="h-6 w-6 text-blue-500"
      data-slot="icon"
      data-testid="moon-icon"
      fill="currentColor"
      viewBox="0 0 24 24"
      xmlns="http://www.w3.org/2000/svg"
    >
      <path
        clip-rule="evenodd"
        d="M9.528 1.718a.75.75 0 0 1 .162.819A8.97 8.97 0 0 0 9 6a9 9 0 0 0 9 9 8.97 8.97 0 0 0 3.463-.69.75.75 0 0 1 .981.98 10.503 10.503 0 0 1-9.694 6.46c-5.799 0-10.5-4.7-10.5-10.5 0-4.368 2.667-8.112 6.46-9.694a.75.75 0 0 1 .818.162Z"
        fill-rule="evenodd"
      />
    </svg>
  </button>
</DocumentFragment>
`;
