// Jest Snapshot v1, https://goo.gl/fbAQLP

exports[`WhoamiSection Should match snapshot 1`] = `
<DocumentFragment>
  <div
    class="my-6"
  >
    <h2
      class="font-bold pb-2"
    >
      Who am I?
    </h2>
    <p>
      I am a software developer passionate about building web applications.
    </p>
  </div>
</DocumentFragment>
`;
