// Jest Snapshot v1, https://goo.gl/fbAQLP

exports[`Home component snapshot renders correctly and matches snapshot 1`] = `
<div>
  <main
    class="flex-grow"
  />
</div>
`;
